version: "3.7"

services:
  vscode:
    build: .
    volumes:
      - "../:/workspace:cached"
      - ~/.ssh:/home/vscode/.ssh:ro
      - /var/run/docker.sock:/var/run/docker.sock
    environment:
      - TZ=Europe/Berlin # $(cat /etc/timezone)
    cap_add:
      - SYS_PTRACE
    security_opt:
      - seccomp:unconfined
    entrypoint: zsh -c "while sleep 1000; do :; done"
    network_mode: "host"
